AIMENG_GRIDWORLD_SUITE/v1
episodes_per_seed=5000 seeds=[20261009, 20261010, 20261011, 20261012, 20261013] map=5x5 starts=18
parameter_count=212 network=8-16-4 activation=ReLU algorithm=epsilon-greedy+TD(0)
evaluation=deterministic, exploration_off, same_map_all_valid_start_cells
random_baseline={"episodes": 18, "mean_steps_success": 17.88888888888889, "success_rate": 0.5, "successes": 9}
bfs_oracle={"episodes": 18, "mean_steps_success": 4.5, "note": "BFS oracle upper bound; not a learned model", "success_rate": 1.0, "successes": 18}
SEED_RESULT {"final": {"episodes": 18, "mean_optimality_ratio": 0.9351290684624018, "mean_steps_success": 5.166666666666667, "success_rate": 1.0, "successes": 18}, "initial": {"episodes": 18, "mean_optimality_ratio": 1.0, "mean_steps_success": 1.6666666666666667, "success_rate": 0.16666666666666666, "successes": 3}, "seconds": 5.875, "seed": 20261009, "success_delta": 0.833333}
SEED_RESULT {"final": {"episodes": 18, "mean_optimality_ratio": 0.9351290684624018, "mean_steps_success": 5.166666666666667, "success_rate": 1.0, "successes": 18}, "initial": {"episodes": 18, "mean_optimality_ratio": 1.0, "mean_steps_success": 2.5, "success_rate": 0.2222222222222222, "successes": 4}, "seconds": 6.126, "seed": 20261010, "success_delta": 0.777778}
SEED_RESULT {"final": {"episodes": 18, "mean_optimality_ratio": 0.9351290684624018, "mean_steps_success": 5.166666666666667, "success_rate": 1.0, "successes": 18}, "initial": {"episodes": 18, "mean_optimality_ratio": 0.0, "mean_steps_success": 0.0, "success_rate": 0.0, "successes": 0}, "seconds": 6.202, "seed": 20261011, "success_delta": 1.0}
SEED_RESULT {"final": {"episodes": 18, "mean_optimality_ratio": 1.0, "mean_steps_success": 3.6923076923076925, "success_rate": 0.7222222222222222, "successes": 13}, "initial": {"episodes": 18, "mean_optimality_ratio": 0.0, "mean_steps_success": 0.0, "success_rate": 0.0, "successes": 0}, "seconds": 5.839, "seed": 20261012, "success_delta": 0.722222}
SEED_RESULT {"final": {"episodes": 18, "mean_optimality_ratio": 1.0, "mean_steps_success": 3.9285714285714284, "success_rate": 0.7777777777777778, "successes": 14}, "initial": {"episodes": 18, "mean_optimality_ratio": 1.0, "mean_steps_success": 2.0, "success_rate": 0.16666666666666666, "successes": 3}, "seconds": 5.835, "seed": 20261013, "success_delta": 0.611111}
SUITE_SUMMARY {"finalSuccessRateMax": 1.0, "finalSuccessRateMean": 0.9, "finalSuccessRateMin": 0.7222222222222222, "finalSuccessRateStdev": 0.12372809695177826, "initialSuccessRateMean": 0.1111111111111111, "seedCount": 5, "seedsImproved": 5}
SUMMARY_PATH=experiments/gridworld/latest/results/summary.json
TOTAL_SECONDS=29.878
PASS: multi-seed learning smoke benchmark met thresholds
AIMENG_HELDOUT_MAP_GENERALIZATION/v1
episodes_per_seed=5000 seeds=3 heldout_maps=100 cases=500
train_maps=procedurally_generated test_maps=disjoint_fixed_seed test_starts=5_per_map
parameter_count=212 network=8-16-4 activation=ReLU
random_baseline={"episodes": 500, "mean_steps_success": 17.02906976744186, "success_rate": 0.344, "successes": 172}
bfs_oracle={"episodes": 500, "mean_steps_success": 4.504, "note": "BFS oracle upper bound; not a learned model", "success_rate": 1.0, "successes": 500}
SEED_RESULT {"episodesTrained": 5000, "finalEvaluation": {"episodes": 500, "mean_optimality_ratio": 0.9989829646580218, "mean_steps_success": 4.224256292906179, "success_rate": 0.874, "successes": 437}, "initialEvaluation": {"episodes": 500, "mean_optimality_ratio": 1.0, "mean_steps_success": 1.125, "success_rate": 0.048, "successes": 24}, "seconds": 6.028, "seed": 20262001, "successDelta": 0.826}
SEED_RESULT {"episodesTrained": 5000, "finalEvaluation": {"episodes": 500, "mean_optimality_ratio": 0.9988282326992004, "mean_steps_success": 4.136476426799008, "success_rate": 0.806, "successes": 403}, "initialEvaluation": {"episodes": 500, "mean_optimality_ratio": 0.0, "mean_steps_success": 0.0, "success_rate": 0.0, "successes": 0}, "seconds": 6.051, "seed": 20262002, "successDelta": 0.806}
SEED_RESULT {"episodesTrained": 5000, "finalEvaluation": {"episodes": 500, "mean_optimality_ratio": 0.9971887550200803, "mean_steps_success": 4.142168674698795, "success_rate": 0.83, "successes": 415}, "initialEvaluation": {"episodes": 500, "mean_optimality_ratio": 0.0, "mean_steps_success": 0.0, "success_rate": 0.0, "successes": 0}, "seconds": 5.909, "seed": 20262003, "successDelta": 0.83}
SUITE_SUMMARY {"finalSuccessRateMax": 0.874, "finalSuccessRateMean": 0.8366666666666667, "finalSuccessRateMin": 0.806, "finalSuccessRateStdev": 0.028158282775923818, "initialSuccessRateMean": 0.016, "seedCount": 3, "seedsImproved": 3}
SUMMARY_PATH=experiments/gridworld/latest/generalization/summary.json
TOTAL_SECONDS=18.012
PASS: held-out-map benchmark improved over initialization and random baseline
AIMENG_PARAMETER_MATCHED_ARCHITECTURE_COMPARISON/v1
episodes_per_seed=5000 seeds=[20263001, 20263002, 20263003] heldout_cases=500
fairness=same observation, reward, map/start schedule, epsilon schedule, TD target, test cases
random_baseline={"episodes": 500, "mean_steps_success": 17.02906976744186, "success_rate": 0.344, "successes": 172}
bfs_oracle={"episodes": 500, "mean_steps_success": 4.504, "note": "BFS oracle upper bound; not a learned model", "success_rate": 1.0, "successes": 500}
ARCH_SEED_RESULT {"episodesTrained": 5000, "finalEvaluation": {"episodes": 500, "mean_optimality_ratio": 0.9993461915658712, "mean_steps_success": 4.196796338672769, "success_rate": 0.874, "successes": 437}, "initialEvaluation": {"episodes": 500, "mean_optimality_ratio": 1.0, "mean_steps_success": 1.53125, "success_rate": 0.064, "successes": 32}, "parameterCount": 212, "seed": 20263001, "successDelta": 0.81, "trainingSeconds": 5.669}
ARCH_SEED_RESULT {"episodesTrained": 5000, "finalEvaluation": {"episodes": 500, "mean_optimality_ratio": 0.9956261510128914, "mean_steps_success": 3.903314917127072, "success_rate": 0.724, "successes": 362}, "initialEvaluation": {"episodes": 500, "mean_optimality_ratio": 1.0, "mean_steps_success": 2.05, "success_rate": 0.04, "successes": 20}, "parameterCount": 212, "seed": 20263002, "successDelta": 0.6839999999999999, "trainingSeconds": 6.211}
ARCH_SEED_RESULT {"episodesTrained": 5000, "finalEvaluation": {"episodes": 500, "mean_optimality_ratio": 0.9990316004077472, "mean_steps_success": 4.236238532110092, "success_rate": 0.872, "successes": 436}, "initialEvaluation": {"episodes": 500, "mean_optimality_ratio": 0.0, "mean_steps_success": 0.0, "success_rate": 0.0, "successes": 0}, "parameterCount": 212, "seed": 20263003, "successDelta": 0.872, "trainingSeconds": 5.467}
ARCH_SEED_RESULT {"episodesTrained": 5000, "finalEvaluation": {"episodes": 500, "mean_optimality_ratio": 0.9966913341913342, "mean_steps_success": 4.2342342342342345, "success_rate": 0.888, "successes": 444}, "initialEvaluation": {"episodes": 500, "mean_optimality_ratio": 1.0, "mean_steps_success": 2.2, "success_rate": 0.14, "successes": 70}, "parameterCount": 202, "seed": 20263001, "successDelta": 0.748, "trainingSeconds": 9.576}
ARCH_SEED_RESULT {"episodesTrained": 5000, "finalEvaluation": {"episodes": 500, "mean_optimality_ratio": 0.9923207853382418, "mean_steps_success": 3.9825436408977555, "success_rate": 0.802, "successes": 401}, "initialEvaluation": {"episodes": 500, "mean_optimality_ratio": 1.0, "mean_steps_success": 1.4642857142857142, "success_rate": 0.056, "successes": 28}, "parameterCount": 202, "seed": 20263002, "successDelta": 0.746, "trainingSeconds": 10.29}
ARCH_SEED_RESULT {"episodesTrained": 5000, "finalEvaluation": {"episodes": 500, "mean_optimality_ratio": 0.9944582986977002, "mean_steps_success": 4.129675810473816, "success_rate": 0.802, "successes": 401}, "initialEvaluation": {"episodes": 500, "mean_optimality_ratio": 0.0, "mean_steps_success": 0.0, "success_rate": 0.0, "successes": 0}, "parameterCount": 202, "seed": 20263003, "successDelta": 0.802, "trainingSeconds": 10.285}
ARCH_COMPARISON_SUMMARY {"mlp212": {"finalSuccessRateMax": 0.874, "finalSuccessRateMean": 0.8233333333333334, "finalSuccessRateMin": 0.724, "finalSuccessRateStdev": 0.07024401912064987, "initialSuccessRateMean": 0.034666666666666665, "meanTrainingSeconds": 5.782333333333333, "seedCount": 3, "seedsImproved": 3}, "recurrent202": {"finalSuccessRateMax": 0.888, "finalSuccessRateMean": 0.8306666666666667, "finalSuccessRateMin": 0.802, "finalSuccessRateStdev": 0.040540788788028706, "initialSuccessRateMean": 0.06533333333333334, "meanTrainingSeconds": 10.050333333333333, "seedCount": 3, "seedsImproved": 3}}
SUMMARY_PATH=experiments/gridworld/latest/architecture-comparison/summary.json
PASS: architecture comparison completed; compare held-out success rates and runtime
